<html>
<body>
<pre>
<h1>µVision Build Log</h1>
<h2>Tool Versions:</h2>
IDE-Version: µVision V5.34.0.0
Copyright (C) 2021 ARM Ltd and ARM Germany GmbH. All rights reserved.
License Information: nhat tiennhat, HP Inc., LIC=KRMW3-A1BKG-TGT7T-R63VQ-FF88W-H6I2G
 
Tool Versions:
Toolchain:       MDK-ARM Plus  Version: 5.34.0.0
Toolchain Path:  C:\Keil_v5\ARM\ARMCC\Bin
C Compiler:      Armcc.exe V5.06 update 7 (build 960)
Assembler:       Armasm.exe V5.06 update 7 (build 960)
Linker/Locator:  ArmLink.exe V5.06 update 7 (build 960)
Library Manager: ArmAr.exe V5.06 update 7 (build 960)
Hex Converter:   FromElf.exe V5.06 update 7 (build 960)
CPU DLL:         SARMCM3.DLL V5.34.0.0
Dialog DLL:      DARMSTM.DLL V1.68.0.0
Target DLL:      STLink\ST-LINKIII-KEIL_SWO.dll V3.0.8.0
Dialog DLL:      TARMSTM.DLL V1.66.0.0
 
<h2>Project:</h2>
E:\DHT11 LCD1602\DHT11.uvproj
Project File Date:  01/04/2023

<h2>Output:</h2>
*** Using Compiler 'V5.06 update 7 (build 960)', folder: 'C:\Keil_v5\ARM\ARMCC\Bin'
Rebuild target 'DHT11'
assembling startup_stm32f10x_md.s...
compiling stm32f10x_it.c...
compiling stm32f10x_gpio.c...
compiling delay.c...
compiling system_stm32f10x.c...
compiling dht11.c...
compiling main.c...
compiling stm32f10x_rcc.c...
compiling lcd.c...
compiling stm32f10x_tim.c...
linking...
Program Size: Code=9992 RO-data=540 RW-data=44 ZI-data=1636  
FromELF: creating hex file...
".\obj\timer 2.axf" - 0 Error(s), 0 Warning(s).
Build Time Elapsed:  00:00:01
</pre>
</body>
</html>
