<html>
<body>
<pre>
<h1>µVision Build Log</h1>
<h2>Project:</h2>
D:\STM32F103C8T6\Appz\DHT11 LCD1602\timer 2.uvproj
Project File Date:  03/29/2020

<h2>Output:</h2>
Build target 'timer 2'
compiling main.c...
compiling delay.c...
compiling lcd.c...
linking...
Program Size: Code=9872 RO-data=540 RW-data=44 ZI-data=1636  
FromELF: creating hex file...
".\obj\timer 2.axf" - 0 Errors, 0 Warning(s).
Build target 'timer 2'
compiling main.c...
compiling delay.c...
compiling lcd.c...
compiling dht11.c...
linking...
Program Size: Code=9980 RO-data=540 RW-data=44 ZI-data=1636  
FromELF: creating hex file...
".\obj\timer 2.axf" - 0 Errors, 0 Warning(s).
Build target 'timer 2'
compiling main.c...
compiling dht11.c...
linking...
Program Size: Code=9984 RO-data=540 RW-data=44 ZI-data=1636  
FromELF: creating hex file...
".\obj\timer 2.axf" - 0 Errors, 0 Warning(s).
Build target 'timer 2'
linking...
Program Size: Code=9984 RO-data=540 RW-data=44 ZI-data=1636  
FromELF: creating hex file...
".\obj\timer 2.axf" - 0 Errors, 0 Warning(s).
